// Jest Snapshot v1, https://goo.gl/fbAQLP

exports[`Task should render correctly 1`] = `
<li>
  teste
</li>
`;
